
> ecommerce-backend@1.0.0 test
> jest --detectOpenHandles --forceExit

  console.log
    Conectando a MYSQL...

      at log (server.js:164:17)

  console.log
    Conexi├│n a MySQL establecida correctamente

      at log (config/database.js:58:17)

  console.log
    sincronizar modelos con la base de datos...

      at log (server.js:171:18)

  console.log
    Asociaciones entre los modelos establecias correctamente

      at log (models/index.js:212:13)

  console.error
    Login admin response: {
      status: 401,
      body: { success: false, message: 'creenciales invalidas' }
    }

    [0m [90m 58 |[39m         })[33m;[39m
     [90m 59 |[39m       
    [31m[1m>[22m[39m[90m 60 |[39m       console[33m.[39merror([32m'Login admin response:'[39m[33m,[39m {
     [90m    |[39m               [31m[1m^[22m[39m
     [90m 61 |[39m         status[33m:[39m response[33m.[39mstatus[33m,[39m
     [90m 62 |[39m         body[33m:[39m response[33m.[39mbody
     [90m 63 |[39m       })[33m;[39m[0m

      at Object.error (tests/api.test.js:60:15)

  console.log
    Base de datos sincronizada (force: true) - todas las tablas fueron eliminadas y recreadas

      at log (config/database.js:80:21)

  console.log
    
    ­ƒî▒ Ejecutando seeders...

      at log (seeders/adminSeeder.js:30:13)

  console.log
    
    ­ƒî▒ ========================================

      at log (seeders/datosCompletos.seeder.js:28:13)

  console.log
       INICIANDO SEEDER DE DATOS COMPLETOS

      at log (seeders/datosCompletos.seeder.js:29:13)

  console.log
    ========================================

      at log (seeders/datosCompletos.seeder.js:30:13)

  console.log
    ­ƒæÑ 1. CREANDO USUARIOS...

      at log (seeders/datosCompletos.seeder.js:35:13)

  console.log
    Ô£à Administrador creado

      at log (seeders/datosCompletos.seeder.js:50:15)

  console.log
       ­ƒôº Usuario: admin@ecommerce.com

      at log (seeders/datosCompletos.seeder.js:51:15)

  console.log
       ­ƒöæ Password: admin1234

      at log (seeders/datosCompletos.seeder.js:52:15)

  console.log
    Ô£à Auxiliar creado

      at log (seeders/datosCompletos.seeder.js:70:15)

  console.log
       ­ƒôº Usuario: auxiliar@ecommerce.com

      at log (seeders/datosCompletos.seeder.js:71:15)

  console.log
       ­ƒöæ Password: aux123

      at log (seeders/datosCompletos.seeder.js:72:15)

  console.log
    ­ƒæñ Creando 5 clientes...

      at log (seeders/datosCompletos.seeder.js:78:13)

  console.log
       Ô£à Cliente 1 - Email: cliente1@ecommerce.com - Pass: cliente1

      at log (seeders/datosCompletos.seeder.js:92:17)

  console.log
       Ô£à Cliente 2 - Email: cliente2@ecommerce.com - Pass: cliente2

      at log (seeders/datosCompletos.seeder.js:92:17)

  console.log
       Ô£à Cliente 3 - Email: cliente3@ecommerce.com - Pass: cliente3

      at log (seeders/datosCompletos.seeder.js:92:17)

  console.log
       Ô£à Cliente 4 - Email: cliente4@ecommerce.com - Pass: cliente4

      at log (seeders/datosCompletos.seeder.js:92:17)

  console.log
       Ô£à Cliente 5 - Email: cliente5@ecommerce.com - Pass: cliente5

      at log (seeders/datosCompletos.seeder.js:92:17)

  console.log
    
    Ô£à Total: 8 usuarios en la base de datos

      at log (seeders/datosCompletos.seeder.js:97:13)

  console.log
    ­ƒôü 2. CREANDO CATEGOR├ìAS...

      at log (seeders/datosCompletos.seeder.js:102:13)

  console.log
       Ô£à Electr├│nica

      at log (seeders/datosCompletos.seeder.js:136:17)

  console.log
       Ô£à Ropa

      at log (seeders/datosCompletos.seeder.js:136:17)

  console.log
       Ô£à Hogar

      at log (seeders/datosCompletos.seeder.js:136:17)

  console.log
       Ô£à Deportes

      at log (seeders/datosCompletos.seeder.js:136:17)

  console.log
       Ô£à Libros

      at log (seeders/datosCompletos.seeder.js:136:17)

  console.log
    
    Ô£à Total: 5 categor├¡as creadas

      at log (seeders/datosCompletos.seeder.js:138:15)

  console.log
    ­ƒôé 3. CREANDO SUBCATEGOR├ìAS...

      at log (seeders/datosCompletos.seeder.js:143:15)

  console.log
    ­ƒôü Electr├│nica:

      at log (seeders/datosCompletos.seeder.js:175:17)

  console.log
       Ô£à Computadoras

      at log (seeders/datosCompletos.seeder.js:186:19)

  console.log
       Ô£à Celulares

      at log (seeders/datosCompletos.seeder.js:186:19)

  console.log
       Ô£à Audio

      at log (seeders/datosCompletos.seeder.js:186:19)

  console.log


      at log (seeders/datosCompletos.seeder.js:188:17)

  console.log
    ­ƒôü Ropa:

      at log (seeders/datosCompletos.seeder.js:175:17)

  console.log
       Ô£à Hombre

      at log (seeders/datosCompletos.seeder.js:186:19)

  console.log
       Ô£à Mujer

      at log (seeders/datosCompletos.seeder.js:186:19)

  console.log
       Ô£à Ni├▒os

      at log (seeders/datosCompletos.seeder.js:186:19)

  console.log


      at log (seeders/datosCompletos.seeder.js:188:17)

  console.log
    ­ƒôü Hogar:

      at log (seeders/datosCompletos.seeder.js:175:17)

  console.log
       Ô£à Cocina

      at log (seeders/datosCompletos.seeder.js:186:19)

  console.log
       Ô£à Decoraci├│n

      at log (seeders/datosCompletos.seeder.js:186:19)

  console.log
       Ô£à Muebles

      at log (seeders/datosCompletos.seeder.js:186:19)

  console.log


      at log (seeders/datosCompletos.seeder.js:188:17)

  console.log
    ­ƒôü Deportes:

      at log (seeders/datosCompletos.seeder.js:175:17)

  console.log
       Ô£à Fitness

      at log (seeders/datosCompletos.seeder.js:186:19)

  console.log
       Ô£à F├║tbol

      at log (seeders/datosCompletos.seeder.js:186:19)

  console.log
       Ô£à Ciclismo

      at log (seeders/datosCompletos.seeder.js:186:19)

  console.log


      at log (seeders/datosCompletos.seeder.js:188:17)

  console.log
    ­ƒôü Libros:

      at log (seeders/datosCompletos.seeder.js:175:17)

  console.log
       Ô£à Ficci├│n

      at log (seeders/datosCompletos.seeder.js:186:19)

  console.log
       Ô£à Educaci├│n

      at log (seeders/datosCompletos.seeder.js:186:19)

  console.log
       Ô£à Infantil

      at log (seeders/datosCompletos.seeder.js:186:19)

  console.log


      at log (seeders/datosCompletos.seeder.js:188:17)

  console.log
    Ô£à Total: 15 subcategor├¡as creadas

      at log (seeders/datosCompletos.seeder.js:190:15)

  console.log
    ­ƒôª 4. CREANDO PRODUCTOS...

      at log (seeders/datosCompletos.seeder.js:195:15)

  console.log
    ­ƒôª Computadoras (Sin categor├¡a):

      at log (seeders/datosCompletos.seeder.js:326:19)

  console.log
       Ô£à Laptop HP Pavilion - $1.200.000

      at log (seeders/datosCompletos.seeder.js:339:21)

  console.log
       Ô£à Laptop Dell Inspiron - $1.500.000

      at log (seeders/datosCompletos.seeder.js:339:21)

  console.log
       Ô£à PC Gaming Asus - $2.500.000

      at log (seeders/datosCompletos.seeder.js:339:21)

  console.log
       Ô£à MacBook Air M1 - $3.500.000

      at log (seeders/datosCompletos.seeder.js:339:21)

  console.log
       Ô£à Laptop Lenovo ThinkPad - $1.800.000

      at log (seeders/datosCompletos.seeder.js:339:21)

  console.log


      at log (seeders/datosCompletos.seeder.js:342:19)

  console.log
    ­ƒôª Celulares (Sin categor├¡a):

      at log (seeders/datosCompletos.seeder.js:326:19)

  console.log
       Ô£à iPhone 13 - $2.800.000

      at log (seeders/datosCompletos.seeder.js:339:21)

  console.log
       Ô£à Samsung Galaxy S21 - $2.200.000

      at log (seeders/datosCompletos.seeder.js:339:21)

  console.log
       Ô£à Xiaomi Redmi Note 11 - $800.000

      at log (seeders/datosCompletos.seeder.js:339:21)

  console.log
       Ô£à Motorola Edge 30 - $1.500.000

      at log (seeders/datosCompletos.seeder.js:339:21)

  console.log
       Ô£à Google Pixel 6 - $2.000.000

      at log (seeders/datosCompletos.seeder.js:339:21)

  console.log


      at log (seeders/datosCompletos.seeder.js:342:19)

  console.log
    ­ƒôª Audio (Sin categor├¡a):

      at log (seeders/datosCompletos.seeder.js:326:19)

  console.log
       Ô£à Aud├¡fonos Sony WH-1000XM4 - $800.000

      at log (seeders/datosCompletos.seeder.js:339:21)

  console.log
       Ô£à Parlante JBL Flip 5 - $300.000

      at log (seeders/datosCompletos.seeder.js:339:21)

  console.log
       Ô£à Aud├¡fonos AirPods Pro - $900.000

      at log (seeders/datosCompletos.seeder.js:339:21)

  console.log
       Ô£à Barra de sonido Samsung - $600.000

      at log (seeders/datosCompletos.seeder.js:339:21)

  console.log
       Ô£à Aud├¡fonos Gamer Razer - $400.000

      at log (seeders/datosCompletos.seeder.js:339:21)

  console.log


      at log (seeders/datosCompletos.seeder.js:342:19)

  console.log
    ­ƒôª Hombre (Sin categor├¡a):

      at log (seeders/datosCompletos.seeder.js:326:19)

  console.log
       Ô£à Camisa Formal Blanca - $80.000

      at log (seeders/datosCompletos.seeder.js:339:21)

  console.log
       Ô£à Jean Levi's 501 - $150.000

      at log (seeders/datosCompletos.seeder.js:339:21)

  console.log
       Ô£à Chaqueta de Cuero - $350.000

      at log (seeders/datosCompletos.seeder.js:339:21)

  console.log
       Ô£à Zapatos Deportivos Nike - $280.000

      at log (seeders/datosCompletos.seeder.js:339:21)

  console.log
       Ô£à Camiseta Polo - $60.000

      at log (seeders/datosCompletos.seeder.js:339:21)

  console.log


      at log (seeders/datosCompletos.seeder.js:342:19)

  console.log
    ­ƒôª Mujer (Sin categor├¡a):

      at log (seeders/datosCompletos.seeder.js:326:19)

  console.log
       Ô£à Vestido Floral - $120.000

      at log (seeders/datosCompletos.seeder.js:339:21)

  console.log
       Ô£à Blusa de Seda - $150.000

      at log (seeders/datosCompletos.seeder.js:339:21)

  console.log
       Ô£à Pantal├│n de Yoga - $80.000

      at log (seeders/datosCompletos.seeder.js:339:21)

  console.log
       Ô£à Chaqueta Acolchada - $200.000

      at log (seeders/datosCompletos.seeder.js:339:21)

  console.log
       Ô£à Zapatos de Tac├│n - $180.000

      at log (seeders/datosCompletos.seeder.js:339:21)

  console.log


      at log (seeders/datosCompletos.seeder.js:342:19)

  console.log
    ­ƒôª Ni├▒os (Sin categor├¡a):

      at log (seeders/datosCompletos.seeder.js:326:19)

  console.log
       Ô£à Conjunto Deportivo - $70.000

      at log (seeders/datosCompletos.seeder.js:339:21)

node.exe : FAIL tests/api.test.js (5.464 s)
En línea: 1 Carácter: 1
+ & "C:\Program Files\nodejs/node.exe" "C:\Program Files\nodejs/node_mo ...
+ ~~~~~~~~~~~~~~~~~~~~~~~~~~~~~~~~~~~~~~~~~~~~~~~~~~~~~~~~~~~~~~~~~~~~~
    + CategoryInfo          : NotSpecified: (FAIL tests/api.test.js (5.464 s): 
   String) [], RemoteException
    + FullyQualifiedErrorId : NativeCommandError
 
  ­ƒº¬ TESTS DE API E-COMMERCE
    1´©ÅÔâú  AUTENTICACI├ôN
      ÔêÜ Ô£à Debe registrar un nuevo cliente (280 ms)
      ├ù Ô£à Debe hacer login como administrador (53 ms)
      ├ù Ô£à Debe hacer login como auxiliar (40 ms)
      ├ù Ô£à Debe hacer login como cliente (33 ms)
      ÔêÜ ÔØî No debe hacer login con credenciales incorrectas (37 ms)
      ├ù Ô£à Debe obtener el perfil del usuario autenticado (29 ms)
    2´©ÅÔâú  ADMIN - CATEGOR├ìAS
      ├ù Ô£à Admin debe listar todas las categor├¡as (25 ms)
      ├ù Ô£à Admin debe crear una categor├¡a (63 ms)
      ├ù Ô£à Auxiliar debe poder crear una categor├¡a (32 ms)
      ÔêÜ Ô£à Admin debe obtener una categor├¡a por ID (3 ms)
      ÔêÜ Ô£à Admin debe actualizar una categor├¡a (1 ms)
      ├ù ÔØî Cliente no debe poder crear categor├¡a (34 ms)
    3´©ÅÔâú  ADMIN - SUBCATEGOR├ìAS
      ├ù Ô£à Admin debe listar todas las subcategor├¡as (40 ms)
      ├ù Ô£à Admin debe crear una subcategor├¡a (28 ms)
    4´©ÅÔâú  ADMIN - PRODUCTOS
      ├ù Ô£à Admin debe listar todos los productos (27 ms)
      ÔêÜ Ô£à Admin debe obtener un producto por ID (1 ms)
      ├ù Ô£à Admin debe actualizar un producto (62 ms)
    5´©ÅÔâú  ADMIN - USUARIOS
      ├ù Ô£à Admin debe listar todos los usuarios (20 ms)
      ÔêÜ Ô£à Admin debe obtener un usuario por ID (2 ms)
      ├ù ÔØî Auxiliar NO debe poder crear usuarios (19 ms)
      ├ù ÔØî Auxiliar NO debe poder actualizar usuarios (21 ms)
    6´©ÅÔâú  CLIENTE - CAT├üLOGO
      ÔêÜ Ô£à Cliente debe ver todas las categor├¡as (29 ms)
      ├ù Ô£à Cliente debe ver subcategor├¡as por categor├¡a (36 ms)
      ÔêÜ Ô£à Cliente debe ver todos los productos (39 ms)
      ├ù Ô£à Cliente debe ver un producto espec├¡fico (26 ms)
    7´©ÅÔâú  CLIENTE - CARRITO
      ├ù Ô£à Cliente debe agregar producto al carrito (60 ms)
      ├ù Ô£à Cliente debe ver su carrito (16 ms)
    8´©ÅÔâú  CLIENTE - PEDIDOS
      ├ù Ô£à Cliente debe crear un pedido desde el carrito (31 ms)
      ├ù Ô£à Cliente debe ver sus pedidos (28 ms)
      ├ù Ô£à Cliente debe ver un pedido espec├¡fico (20 ms)
    9´©ÅÔâú  ADMIN - GESTI├ôN DE PEDIDOS
      ├ù Ô£à Admin debe obtener un pedido por ID (18 ms)
    ­ƒöÆ PERMISOS Y RESTRICCIONES
      ├ù ÔØî Auxiliar NO debe poder eliminar categor├¡as (17 ms)
      ├ù ÔØî Auxiliar NO debe poder eliminar subcategor├¡as (21 ms)
      ├ù ÔØî Auxiliar NO debe poder eliminar productos (17 ms)
      ├ù ÔØî Auxiliar NO debe poder eliminar usuarios (27 ms)
      ├ù ÔØî Cliente no debe acceder a rutas de admin (17 ms)
      ÔêÜ ÔØî No autenticado no debe acceder a rutas protegidas (23 ms)
    ­ƒùæ´©Å  LIMPIEZA - ELIMINACIONES
      ÔêÜ Ô£à Admin debe eliminar producto (17 ms)
      ÔêÜ Ô£à Admin debe eliminar subcategor├¡a (20 ms)
      ÔêÜ Ô£à Admin debe eliminar categor├¡a (17 ms)

  ÔùÅ ƒº¬ TESTS DE API E-COMMERCE ÔÇ║ 1´©ÅÔâú  AUTENTICACI├ôN ÔÇ║ Ô£à Debe 
hacer login como administrador

    expect(received).toBe(expected) // Object.is equality

    Expected: 200
    Received: 401

    [0m [90m 63 |[39m       })[33m;[39m
     [90m 64 |[39m       
    [31m[1m>[22m[39m[90m 65 |[39m       
expect(response[33m.[39mstatus)[33m.[39mtoBe([35m200[39m)[33m;[39m
     [90m    |[39m                               [31m[1m^[22m[39m
     [90m 66 |[39m       expect(response[33m.[39mbody)[33m.[39mtoHaveProp
erty([32m'data'[39m)[33m;[39m
     [90m 67 |[39m       expect(response[33m.[39mbody[33m.[39mdata)[33m.
[39mtoHaveProperty([32m'token'[39m)[33m;[39m
     [90m 68 |[39m       expect(response[33m.[39mbody[33m.[39mdata[33m.
[39musuario)[33m.[39mtoHaveProperty([32m'rol'[39m[33m,[39m 
[32m'administrador'[39m)[33m;[39m[0m

      at Object.toBe (tests/api.test.js:65:31)

  ÔùÅ ƒº¬ TESTS DE API E-COMMERCE ÔÇ║ 1´©ÅÔâú  AUTENTICACI├ôN ÔÇ║ Ô£à Debe 
hacer login como auxiliar

    expect(received).toBe(expected) // Object.is equality

    Expected: 200
    Received: 401

    [0m [90m 79 |[39m         })[33m;[39m
     [90m 80 |[39m       
    [31m[1m>[22m[39m[90m 81 |[39m       
expect(response[33m.[39mstatus)[33m.[39mtoBe([35m200[39m)[33m;[39m
     [90m    |[39m                               [31m[1m^[22m[39m
     [90m 82 |[39m       expect(response[33m.[39mbody)[33m.[39mtoHaveProp
erty([32m'data'[39m)[33m;[39m
     [90m 83 |[39m       expect(response[33m.[39mbody[33m.[39mdata)[33m.
[39mtoHaveProperty([32m'token'[39m)[33m;[39m
     [90m 84 |[39m       expect(response[33m.[39mbody[33m.[39mdata[33m.
[39musuario)[33m.[39mtoHaveProperty([32m'rol'[39m[33m,[39m 
[32m'auxiliar'[39m)[33m;[39m[0m

      at Object.toBe (tests/api.test.js:81:31)

  ÔùÅ ƒº¬ TESTS DE API E-COMMERCE ÔÇ║ 1´©ÅÔâú  AUTENTICACI├ôN ÔÇ║ Ô£à Debe 
hacer login como cliente

    expect(received).toBe(expected) // Object.is equality

    Expected: 200
    Received: 401

    [0m [90m  95 |[39m         })[33m;[39m
     [90m  96 |[39m       
    [31m[1m>[22m[39m[90m  97 |[39m       
expect(response[33m.[39mstatus)[33m.[39mtoBe([35m200[39m)[33m;[39m
     [90m     |[39m                               [31m[1m^[22m[39m
     [90m  98 |[39m       expect(response[33m.[39mbody)[33m.[39mtoHavePro
perty([32m'data'[39m)[33m;[39m
     [90m  99 |[39m       expect(response[33m.[39mbody[33m.[39mdata)[33m
.[39mtoHaveProperty([32m'token'[39m)[33m;[39m
     [90m 100 |[39m       expect(response[33m.[39mbody[33m.[39mdata[33m.
[39musuario)[33m.[39mtoHaveProperty([32m'rol'[39m[33m,[39m 
[32m'cliente'[39m)[33m;[39m[0m

      at Object.toBe (tests/api.test.js:97:31)

  ÔùÅ ƒº¬ TESTS DE API E-COMMERCE ÔÇ║ 1´©ÅÔâú  AUTENTICACI├ôN ÔÇ║ Ô£à Debe 
obtener el perfil del usuario autenticado

    expect(received).toBe(expected) // Object.is equality

    Expected: 200
    Received: 401

    [0m [90m 119 |[39m         
[33m.[39m[36mset[39m([32m'Authorization'[39m[33m,[39m [32m`Bearer 
${clienteToken}`[39m)[33m;[39m
     [90m 120 |[39m       
    [31m[1m>[22m[39m[90m 121 |[39m       
expect(response[33m.[39mstatus)[33m.[39mtoBe([35m200[39m)[33m;[39m
     [90m     |[39m                               [31m[1m^[22m[39m
     [90m 122 |[39m       expect(response[33m.[39mbody[33m.[39msuccess)[
33m.[39mtoBe([36mtrue[39m)[33m;[39m
     [90m 123 |[39m       expect(response[33m.[39mbody[33m.[39mdata[33m.
[39musuario)[33m.[39mtoHaveProperty([32m'email'[39m)[33m;[39m
     [90m 124 |[39m     })[33m;[39m[0m

      at Object.toBe (tests/api.test.js:121:31)

  ÔùÅ ƒº¬ TESTS DE API E-COMMERCE ÔÇ║ 2´©ÅÔâú  ADMIN - CATEGOR├ìAS ÔÇ║ Ô£à 
Admin debe listar todas las categor├¡as

    expect(received).toBe(expected) // Object.is equality

    Expected: 200
    Received: 401

    [0m [90m 135 |[39m         
[33m.[39m[36mset[39m([32m'Authorization'[39m[33m,[39m [32m`Bearer 
${adminToken}`[39m)[33m;[39m
     [90m 136 |[39m       
    [31m[1m>[22m[39m[90m 137 |[39m       
expect(response[33m.[39mstatus)[33m.[39mtoBe([35m200[39m)[33m;[39m
     [90m     |[39m                               [31m[1m^[22m[39m
     [90m 138 |[39m       expect(response[33m.[39mbody[33m.[39msuccess)[
33m.[39mtoBe([36mtrue[39m)[33m;[39m
     [90m 139 |[39m       expect([33mArray[39m[33m.[39misArray(response[
33m.[39mbody[33m.[39mdata[33m.[39mcategorias))[33m.[39mtoBe([36mtrue[3
9m)[33m;[39m
     [90m 140 |[39m       expect(response[33m.[39mbody[33m.[39mdata[33m.
[39mcategorias[33m.[39mlength)[33m.[39mtoBeGreaterThan([35m0[39m)[33m;
[39m[0m

      at Object.toBe (tests/api.test.js:137:31)

  ÔùÅ ƒº¬ TESTS DE API E-COMMERCE ÔÇ║ 2´©ÅÔâú  ADMIN - CATEGOR├ìAS ÔÇ║ Ô£à 
Admin debe crear una categor├¡a

    expect(received).toBe(expected) // Object.is equality

    Expected: 201
    Received: 401

    [0m [90m 153 |[39m         })[33m;[39m
     [90m 154 |[39m       
    [31m[1m>[22m[39m[90m 155 |[39m       
expect(response[33m.[39mstatus)[33m.[39mtoBe([35m201[39m)[33m;[39m
     [90m     |[39m                               [31m[1m^[22m[39m
     [90m 156 |[39m       expect(response[33m.[39mbody[33m.[39msuccess)[
33m.[39mtoBe([36mtrue[39m)[33m;[39m
     [90m 157 |[39m       expect(response[33m.[39mbody[33m.[39mdata[33m.
[39mcategoria)[33m.[39mtoHaveProperty([32m'id'[39m)[33m;[39m
     [90m 158 |[39m     })[33m;[39m[0m

      at Object.toBe (tests/api.test.js:155:31)

  ÔùÅ ƒº¬ TESTS DE API E-COMMERCE ÔÇ║ 2´©ÅÔâú  ADMIN - CATEGOR├ìAS ÔÇ║ Ô£à 
Auxiliar debe poder crear una categor├¡a

    expect(received).toBe(expected) // Object.is equality

    Expected: 201
    Received: 401

    [0m [90m 167 |[39m         })[33m;[39m
     [90m 168 |[39m       
    [31m[1m>[22m[39m[90m 169 |[39m       
expect(response[33m.[39mstatus)[33m.[39mtoBe([35m201[39m)[33m;[39m
     [90m     |[39m                               [31m[1m^[22m[39m
     [90m 170 |[39m     })[33m;[39m
     [90m 171 |[39m
     [90m 172 |[39m     test([32m'Ô£à Admin debe obtener una categor├¡a por 
ID'[39m[33m,[39m [36masync[39m () [33m=>[39m {[0m

      at Object.toBe (tests/api.test.js:169:31)

  ÔùÅ ƒº¬ TESTS DE API E-COMMERCE ÔÇ║ 2´©ÅÔâú  ADMIN - CATEGOR├ìAS ÔÇ║ ÔØî 
Cliente no debe poder crear categor├¡a

    expect(received).toBe(expected) // Object.is equality

    Expected: 403
    Received: 401

    [0m [90m 207 |[39m         })[33m;[39m
     [90m 208 |[39m       
    [31m[1m>[22m[39m[90m 209 |[39m       
expect(response[33m.[39mstatus)[33m.[39mtoBe([35m403[39m)[33m;[39m
     [90m     |[39m                               [31m[1m^[22m[39m
     [90m 210 |[39m     })[33m;[39m
     [90m 211 |[39m   })[33m;[39m
     [90m 212 |[39m[0m

      at Object.toBe (tests/api.test.js:209:31)

  ÔùÅ ƒº¬ TESTS DE API E-COMMERCE ÔÇ║ 3´©ÅÔâú  ADMIN - SUBCATEGOR├ìAS ÔÇ║ Ô£à 
Admin debe listar todas las subcategor├¡as

    expect(received).toBe(expected) // Object.is equality

    Expected: 200
    Received: 401

    [0m [90m 221 |[39m         
[33m.[39m[36mset[39m([32m'Authorization'[39m[33m,[39m [32m`Bearer 
${adminToken}`[39m)[33m;[39m
     [90m 222 |[39m       
    [31m[1m>[22m[39m[90m 223 |[39m       
expect(response[33m.[39mstatus)[33m.[39mtoBe([35m200[39m)[33m;[39m
     [90m     |[39m                               [31m[1m^[22m[39m
     [90m 224 |[39m       expect(response[33m.[39mbody[33m.[39msuccess)[
33m.[39mtoBe([36mtrue[39m)[33m;[39m
     [90m 225 |[39m       expect([33mArray[39m[33m.[39misArray(response[
33m.[39mbody[33m.[39mdata[33m.[39msubcategorias))[33m.[39mtoBe([36mtrue
[39m)[33m;[39m
     [90m 226 |[39m       [0m

      at Object.toBe (tests/api.test.js:223:31)

  ÔùÅ ƒº¬ TESTS DE API E-COMMERCE ÔÇ║ 3´©ÅÔâú  ADMIN - SUBCATEGOR├ìAS ÔÇ║ Ô£à 
Admin debe crear una subcategor├¡a

    expect(received).toBe(expected) // Object.is equality

    Expected: 201
    Received: 401

    [0m [90m 240 |[39m         })[33m;[39m
     [90m 241 |[39m       
    [31m[1m>[22m[39m[90m 242 |[39m       
expect(response[33m.[39mstatus)[33m.[39mtoBe([35m201[39m)[33m;[39m
     [90m     |[39m                               [31m[1m^[22m[39m
     [90m 243 |[39m       expect(response[33m.[39mbody[33m.[39msuccess)[
33m.[39mtoBe([36mtrue[39m)[33m;[39m
     [90m 244 |[39m       expect(response[33m.[39mbody[33m.[39mdata[33m.
[39msubcategoria)[33m.[39mtoHaveProperty([32m'id'[39m)[33m;[39m
     [90m 245 |[39m     })[33m;[39m[0m

      at Object.toBe (tests/api.test.js:242:31)

  ÔùÅ ƒº¬ TESTS DE API E-COMMERCE ÔÇ║ 4´©ÅÔâú  ADMIN - PRODUCTOS ÔÇ║ Ô£à Admin 
debe listar todos los productos

    expect(received).toBe(expected) // Object.is equality

    Expected: 200
    Received: 401

    [0m [90m 269 |[39m         
[33m.[39m[36mset[39m([32m'Authorization'[39m[33m,[39m [32m`Bearer 
${adminToken}`[39m)[33m;[39m
     [90m 270 |[39m       
    [31m[1m>[22m[39m[90m 271 |[39m       
expect(response[33m.[39mstatus)[33m.[39mtoBe([35m200[39m)[33m;[39m
     [90m     |[39m                               [31m[1m^[22m[39m
     [90m 272 |[39m       expect(response[33m.[39mbody[33m.[39msuccess)[
33m.[39mtoBe([36mtrue[39m)[33m;[39m
     [90m 273 |[39m       expect([33mArray[39m[33m.[39misArray(response[
33m.[39mbody[33m.[39mdata[33m.[39mproductos))[33m.[39mtoBe([36mtrue[39
m)[33m;[39m
     [90m 274 |[39m       expect(response[33m.[39mbody[33m.[39mdata[33m.
[39mproductos[33m.[39mlength)[33m.[39mtoBeGreaterThan([35m0[39m)[33m;[
39m[0m

      at Object.toBe (tests/api.test.js:271:31)

  ÔùÅ ƒº¬ TESTS DE API E-COMMERCE ÔÇ║ 4´©ÅÔâú  ADMIN - PRODUCTOS ÔÇ║ Ô£à Admin 
debe actualizar un producto

    expect(received).toBe(expected) // Object.is equality

    Expected: 200
    Received: 401

    [0m [90m 320 |[39m         })[33m;[39m
     [90m 321 |[39m       
    [31m[1m>[22m[39m[90m 322 |[39m       
expect(response[33m.[39mstatus)[33m.[39mtoBe([35m200[39m)[33m;[39m
     [90m     |[39m                               [31m[1m^[22m[39m
     [90m 323 |[39m       expect(response[33m.[39mbody[33m.[39msuccess)[
33m.[39mtoBe([36mtrue[39m)[33m;[39m
     [90m 324 |[39m     })[33m;[39m
     [90m 325 |[39m[0m

      at Object.toBe (tests/api.test.js:322:31)

  ÔùÅ ƒº¬ TESTS DE API E-COMMERCE ÔÇ║ 5´©ÅÔâú  ADMIN - USUARIOS ÔÇ║ Ô£à Admin 
debe listar todos los usuarios

    expect(received).toBe(expected) // Object.is equality

    Expected: 200
    Received: 401

    [0m [90m 365 |[39m         
[33m.[39m[36mset[39m([32m'Authorization'[39m[33m,[39m [32m`Bearer 
${adminToken}`[39m)[33m;[39m
     [90m 366 |[39m       
    [31m[1m>[22m[39m[90m 367 |[39m       
expect(response[33m.[39mstatus)[33m.[39mtoBe([35m200[39m)[33m;[39m
     [90m     |[39m                               [31m[1m^[22m[39m
     [90m 368 |[39m       expect(response[33m.[39mbody[33m.[39msuccess)[
33m.[39mtoBe([36mtrue[39m)[33m;[39m
     [90m 369 |[39m       expect([33mArray[39m[33m.[39misArray(response[
33m.[39mbody[33m.[39mdata[33m.[39musuarios))[33m.[39mtoBe([36mtrue[39m
)[33m;[39m
     [90m 370 |[39m       [0m

      at Object.toBe (tests/api.test.js:367:31)

  ÔùÅ ƒº¬ TESTS DE API E-COMMERCE ÔÇ║ 5´©ÅÔâú  ADMIN - USUARIOS ÔÇ║ ÔØî 
Auxiliar NO debe poder crear usuarios

    expect(received).toBe(expected) // Object.is equality

    Expected: 403
    Received: 401

    [0m [90m 416 |[39m         })[33m;[39m
     [90m 417 |[39m       
    [31m[1m>[22m[39m[90m 418 |[39m       
expect(response[33m.[39mstatus)[33m.[39mtoBe([35m403[39m)[33m;[39m
     [90m     |[39m                               [31m[1m^[22m[39m
     [90m 419 |[39m     })[33m;[39m
     [90m 420 |[39m
     [90m 421 |[39m     test([32m'ÔØî Auxiliar NO debe poder actualizar 
usuarios'[39m[33m,[39m [36masync[39m () [33m=>[39m {[0m

      at Object.toBe (tests/api.test.js:418:31)

  ÔùÅ ƒº¬ TESTS DE API E-COMMERCE ÔÇ║ 5´©ÅÔâú  ADMIN - USUARIOS ÔÇ║ ÔØî 
Auxiliar NO debe poder actualizar usuarios

    expect(received).toBe(expected) // Object.is equality

    Expected: 403
    Received: 401

    [0m [90m 427 |[39m         })[33m;[39m
     [90m 428 |[39m       
    [31m[1m>[22m[39m[90m 429 |[39m       
expect(response[33m.[39mstatus)[33m.[39mtoBe([35m403[39m)[33m;[39m
     [90m     |[39m                               [31m[1m^[22m[39m
     [90m 430 |[39m     })[33m;[39m
     [90m 431 |[39m   })[33m;[39m
     [90m 432 |[39m[0m

      at Object.toBe (tests/api.test.js:429:31)

  ÔùÅ ƒº¬ TESTS DE API E-COMMERCE ÔÇ║ 6´©ÅÔâú  CLIENTE - CAT├üLOGO ÔÇ║ Ô£à 
Cliente debe ver subcategor├¡as por categor├¡a

    expect(received).toBe(expected) // Object.is equality

    Expected: 200
    Received: 404

    [0m [90m 449 |[39m         [33m.[39m[36mget[39m([32m`/api/catalogo/
categorias/${categoriaId}/subcategorias`[39m)[33m;[39m
     [90m 450 |[39m       
    [31m[1m>[22m[39m[90m 451 |[39m       
expect(response[33m.[39mstatus)[33m.[39mtoBe([35m200[39m)[33m;[39m
     [90m     |[39m                               [31m[1m^[22m[39m
     [90m 452 |[39m       expect(response[33m.[39mbody[33m.[39msuccess)[
33m.[39mtoBe([36mtrue[39m)[33m;[39m
     [90m 453 |[39m       expect([33mArray[39m[33m.[39misArray(response[
33m.[39mbody[33m.[39mdata[33m.[39msubcategorias))[33m.[39mtoBe([36mtrue
[39m)[33m;[39m
     [90m 454 |[39m     })[33m;[39m[0m

      at Object.toBe (tests/api.test.js:451:31)

  ÔùÅ ƒº¬ TESTS DE API E-COMMERCE ÔÇ║ 6´©ÅÔâú  CLIENTE - CAT├üLOGO ÔÇ║ Ô£à 
Cliente debe ver un producto espec├¡fico

    expect(received).toBe(expected) // Object.is equality

    Expected: 200
    Received: 404

    [0m [90m 467 |[39m         [33m.[39m[36mget[39m([32m`/api/catalogo/
productos/${productoId}`[39m)[33m;[39m
     [90m 468 |[39m       
    [31m[1m>[22m[39m[90m 469 |[39m       
expect(response[33m.[39mstatus)[33m.[39mtoBe([35m200[39m)[33m;[39m
     [90m     |[39m                               [31m[1m^[22m[39m
     [90m 470 |[39m       expect(response[33m.[39mbody[33m.[39msuccess)[
33m.[39mtoBe([36mtrue[39m)[33m;[39m
     [90m 471 |[39m       expect(response[33m.[39mbody[33m.[39mdata)[33m
.[39mtoHaveProperty([32m'producto'[39m)[33m;[39m
     [90m 472 |[39m     })[33m;[39m[0m

      at Object.toBe (tests/api.test.js:469:31)

  ÔùÅ ƒº¬ TESTS DE API E-COMMERCE ÔÇ║ 7´©ÅÔâú  CLIENTE - CARRITO ÔÇ║ Ô£à 
Cliente debe agregar producto al carrito

    expect(received).toBeGreaterThan(expected)

    Expected: > 0
    Received:   0

    [0m [90m 498 |[39m         
[33m.[39m[36mget[39m([32m'/api/catalogo/productos'[39m)[33m;[39m
     [90m 499 |[39m       
    [31m[1m>[22m[39m[90m 500 |[39m       expect(productosResponse[33m.[
39mbody[33m.[39mdata[33m.[39mproductos[33m.[39mlength)[33m.[39mtoBeGrea
terThan([35m0[39m)[33m;[39m
     [90m     |[39m                                                          
  [31m[1m^[22m[39m
     [90m 501 |[39m       [36mconst[39m productId [33m=[39m productosResp
onse[33m.[39mbody[33m.[39mdata[33m.[39mproductos[[35m0[39m][33m.[39mi
d[33m;[39m
     [90m 502 |[39m       
     [90m 503 |[39m       [36mconst[39m response [33m=[39m 
[36mawait[39m request(app)[0m

      at Object.toBeGreaterThan (tests/api.test.js:500:60)

  ÔùÅ ƒº¬ TESTS DE API E-COMMERCE ÔÇ║ 7´©ÅÔâú  CLIENTE - CARRITO ÔÇ║ Ô£à 
Cliente debe ver su carrito

    expect(received).toBe(expected) // Object.is equality

    Expected: 200
    Received: 401

    [0m [90m 518 |[39m         
[33m.[39m[36mset[39m([32m'Authorization'[39m[33m,[39m [32m`Bearer 
${clienteToken}`[39m)[33m;[39m
     [90m 519 |[39m       
    [31m[1m>[22m[39m[90m 520 |[39m       
expect(response[33m.[39mstatus)[33m.[39mtoBe([35m200[39m)[33m;[39m
     [90m     |[39m                               [31m[1m^[22m[39m
     [90m 521 |[39m       expect(response[33m.[39mbody[33m.[39msuccess)[
33m.[39mtoBe([36mtrue[39m)[33m;[39m
     [90m 522 |[39m       [36mif[39m 
(response[33m.[39mbody[33m.[39mdata[33m.[39mcarrito) {
     [90m 523 |[39m         expect([33mArray[39m[33m.[39misArray(response
[33m.[39mbody[33m.[39mdata[33m.[39mcarrito))[33m.[39mtoBe([36mtrue[39
m)[33m;[39m[0m

      at Object.toBe (tests/api.test.js:520:31)

  ÔùÅ ƒº¬ TESTS DE API E-COMMERCE ÔÇ║ 8´©ÅÔâú  CLIENTE - PEDIDOS ÔÇ║ Ô£à 
Cliente debe crear un pedido desde el carrito

    expect(received).toBe(expected) // Object.is equality

    Expected: 201
    Received: 401

    [0m [90m 553 |[39m         })[33m;[39m
     [90m 554 |[39m       
    [31m[1m>[22m[39m[90m 555 |[39m       
expect(response[33m.[39mstatus)[33m.[39mtoBe([35m201[39m)[33m;[39m
     [90m     |[39m                               [31m[1m^[22m[39m
     [90m 556 |[39m       expect(response[33m.[39mbody[33m.[39msuccess)[
33m.[39mtoBe([36mtrue[39m)[33m;[39m
     [90m 557 |[39m       expect(response[33m.[39mbody[33m.[39mdata)[33m
.[39mtoHaveProperty([32m'pedido'[39m)[33m;[39m
     [90m 558 |[39m       [0m

      at Object.toBe (tests/api.test.js:555:31)

  ÔùÅ ƒº¬ TESTS DE API E-COMMERCE ÔÇ║ 8´©ÅÔâú  CLIENTE - PEDIDOS ÔÇ║ Ô£à 
Cliente debe ver sus pedidos

    expect(received).toBe(expected) // Object.is equality

    Expected: 200
    Received: 401

    [0m [90m 567 |[39m         
[33m.[39m[36mset[39m([32m'Authorization'[39m[33m,[39m [32m`Bearer 
${clienteToken}`[39m)[33m;[39m
     [90m 568 |[39m       
    [31m[1m>[22m[39m[90m 569 |[39m       
expect(response[33m.[39mstatus)[33m.[39mtoBe([35m200[39m)[33m;[39m
     [90m     |[39m                               [31m[1m^[22m[39m
     [90m 570 |[39m       expect(response[33m.[39mbody[33m.[39msuccess)[
33m.[39mtoBe([36mtrue[39m)[33m;[39m
     [90m 571 |[39m       expect([33mArray[39m[33m.[39misArray(response[
33m.[39mbody[33m.[39mdata[33m.[39mpedidos))[33m.[39mtoBe([36mtrue[39m)
[33m;[39m
     [90m 572 |[39m     })[33m;[39m[0m

      at Object.toBe (tests/api.test.js:569:31)

  ÔùÅ ƒº¬ TESTS DE API E-COMMERCE ÔÇ║ 8´©ÅÔâú  CLIENTE - PEDIDOS ÔÇ║ Ô£à 
Cliente debe ver un pedido espec├¡fico

    TypeError: Cannot read properties of undefined (reading 'pedidos')

    [0m [90m 579 |[39m           
[33m.[39m[36mset[39m([32m'Authorization'[39m[33m,[39m [32m`Bearer 
${clienteToken}`[39m)[33m;[39m
     [90m 580 |[39m         
    [31m[1m>[22m[39m[90m 581 |[39m         [36mif[39m (pedidosResponse
[33m.[39mbody[33m.[39mdata[33m.[39mpedidos[33m.[39mlength [33m>[39m 
[35m0[39m) {
     [90m     |[39m                                       
[31m[1m^[22m[39m
     [90m 582 |[39m           pedidoId [33m=[39m pedidosResponse[33m.[39m
body[33m.[39mdata[33m.[39mpedidos[[35m0[39m][33m.[39mid[33m;[39m
     [90m 583 |[39m         }
     [90m 584 |[39m       }[0m

      at Object.pedidos (tests/api.test.js:581:39)

  ÔùÅ ƒº¬ TESTS DE API E-COMMERCE ÔÇ║ 9´©ÅÔâú  ADMIN - GESTI├ôN DE PEDIDOS ÔÇ║ 
Ô£à Admin debe obtener un pedido por ID

    TypeError: Cannot read properties of undefined (reading 'pedidos')

    [0m [90m 639 |[39m         
[33m.[39m[36mset[39m([32m'Authorization'[39m[33m,[39m [32m`Bearer 
${adminToken}`[39m)[33m;[39m
     [90m 640 |[39m       
    [31m[1m>[22m[39m[90m 641 |[39m       [36mif[39m (pedidosResponse[3
3m.[39mbody[33m.[39mdata[33m.[39mpedidos[33m.[39mlength [33m>[39m 
[35m0[39m) {
     [90m     |[39m                                     [31m[1m^[22m[39m
     [90m 642 |[39m         [36mconst[39m pedidoIdAdmin [33m=[39m pedidos
Response[33m.[39mbody[33m.[39mdata[33m.[39mpedidos[[35m0[39m][33m.[39
mid[33m;[39m
     [90m 643 |[39m         
     [90m 644 |[39m         [36mconst[39m response [33m=[39m 
[36mawait[39m request(app)[0m

      at Object.pedidos (tests/api.test.js:641:37)

  ÔùÅ ƒº¬ TESTS DE API E-COMMERCE ÔÇ║ ƒöÆ PERMISOS Y RESTRICCIONES ÔÇ║ ÔØî 
Auxiliar NO debe poder eliminar categor├¡as

    expect(received).toBe(expected) // Object.is equality

    Expected: 403
    Received: 401

    [0m [90m 684 |[39m         
[33m.[39m[36mset[39m([32m'Authorization'[39m[33m,[39m [32m`Bearer 
${auxiliarToken}`[39m)[33m;[39m
     [90m 685 |[39m       
    [31m[1m>[22m[39m[90m 686 |[39m       
expect(response[33m.[39mstatus)[33m.[39mtoBe([35m403[39m)[33m;[39m
     [90m     |[39m                               [31m[1m^[22m[39m
     [90m 687 |[39m     })[33m;[39m
     [90m 688 |[39m
     [90m 689 |[39m     test([32m'ÔØî Auxiliar NO debe poder eliminar 
subcategor├¡as'[39m[33m,[39m [36masync[39m () [33m=>[39m {[0m

      at Object.toBe (tests/api.test.js:686:31)

  ÔùÅ ƒº¬ TESTS DE API E-COMMERCE ÔÇ║ ƒöÆ PERMISOS Y RESTRICCIONES ÔÇ║ ÔØî 
Auxiliar NO debe poder eliminar subcategor├¡as

    expect(received).toBe(expected) // Object.is equality

    Expected: 403
    Received: 401

    [0m [90m 692 |[39m         
[33m.[39m[36mset[39m([32m'Authorization'[39m[33m,[39m [32m`Bearer 
${auxiliarToken}`[39m)[33m;[39m
     [90m 693 |[39m       
    [31m[1m>[22m[39m[90m 694 |[39m       
expect(response[33m.[39mstatus)[33m.[39mtoBe([35m403[39m)[33m;[39m
     [90m     |[39m                               [31m[1m^[22m[39m
     [90m 695 |[39m     })[33m;[39m
     [90m 696 |[39m
     [90m 697 |[39m     test([32m'ÔØî Auxiliar NO debe poder eliminar 
productos'[39m[33m,[39m [36masync[39m () [33m=>[39m {[0m

      at Object.toBe (tests/api.test.js:694:31)

  ÔùÅ ƒº¬ TESTS DE API E-COMMERCE ÔÇ║ ƒöÆ PERMISOS Y RESTRICCIONES ÔÇ║ ÔØî 
Auxiliar NO debe poder eliminar productos

    expect(received).toBe(expected) // Object.is equality

    Expected: 403
    Received: 401

    [0m [90m 700 |[39m         
[33m.[39m[36mset[39m([32m'Authorization'[39m[33m,[39m [32m`Bearer 
${auxiliarToken}`[39m)[33m;[39m
     [90m 701 |[39m       
    [31m[1m>[22m[39m[90m 702 |[39m       
expect(response[33m.[39mstatus)[33m.[39mtoBe([35m403[39m)[33m;[39m
     [90m     |[39m                               [31m[1m^[22m[39m
     [90m 703 |[39m     })[33m;[39m
     [90m 704 |[39m
     [90m 705 |[39m     test([32m'ÔØî Auxiliar NO debe poder eliminar 
usuarios'[39m[33m,[39m [36masync[39m () [33m=>[39m {[0m

      at Object.toBe (tests/api.test.js:702:31)

  ÔùÅ ƒº¬ TESTS DE API E-COMMERCE ÔÇ║ ƒöÆ PERMISOS Y RESTRICCIONES ÔÇ║ ÔØî 
Auxiliar NO debe poder eliminar usuarios

    expect(received).toBe(expected) // Object.is equality

    Expected: 403
    Received: 401

    [0m [90m 708 |[39m         
[33m.[39m[36mset[39m([32m'Authorization'[39m[33m,[39m [32m`Bearer 
${auxiliarToken}`[39m)[33m;[39m
     [90m 709 |[39m       
    [31m[1m>[22m[39m[90m 710 |[39m       
expect(response[33m.[39mstatus)[33m.[39mtoBe([35m403[39m)[33m;[39m
     [90m     |[39m                               [31m[1m^[22m[39m
     [90m 711 |[39m     })[33m;[39m
     [90m 712 |[39m
     [90m 713 |[39m     test([32m'ÔØî Cliente no debe acceder a rutas de 
admin'[39m[33m,[39m [36masync[39m () [33m=>[39m {[0m

      at Object.toBe (tests/api.test.js:710:31)

  ÔùÅ ƒº¬ TESTS DE API E-COMMERCE ÔÇ║ ƒöÆ PERMISOS Y RESTRICCIONES ÔÇ║ ÔØî 
Cliente no debe acceder a rutas de admin

    expect(received).toBe(expected) // Object.is equality

    Expected: 403
    Received: 401

    [0m [90m 716 |[39m         
[33m.[39m[36mset[39m([32m'Authorization'[39m[33m,[39m [32m`Bearer 
${clienteToken}`[39m)[33m;[39m
     [90m 717 |[39m       
    [31m[1m>[22m[39m[90m 718 |[39m       
expect(response[33m.[39mstatus)[33m.[39mtoBe([35m403[39m)[33m;[39m
     [90m     |[39m                               [31m[1m^[22m[39m
     [90m 719 |[39m     })[33m;[39m
     [90m 720 |[39m
     [90m 721 |[39m     test([32m'ÔØî No autenticado no debe acceder a 
rutas protegidas'[39m[33m,[39m [36masync[39m () [33m=>[39m {[0m

      at Object.toBe (tests/api.test.js:718:31)

Test Suites: 1 failed, 1 total
Tests:       28 failed, 12 passed, 40 total
Snapshots:   0 total
Time:        5.743 s, estimated 6 s
Ran all test suites.

  ÔùÅ  Cannot log after tests are done. Did you forget to wait for something 
async in your test?
    Attempted to log "   Ô£à Vestido de Ni├▒a - $65.000".

    [0m [90m 337 |[39m               activo[33m:[39m [36mtrue[39m
     [90m 338 |[39m             })[33m;[39m
    [31m[1m>[22m[39m[90m 339 |[39m             
console[33m.[39mlog([32m`   Ô£à ${prodData.nombre} - 
$${prodData.precio.toLocaleString()}`[39m)[33m;[39m
     [90m     |[39m                     [31m[1m^[22m[39m
     [90m 340 |[39m             totalProductos[33m++[39m[33m;[39m
     [90m 341 |[39m           }
     [90m 342 |[39m           
console[33m.[39mlog([32m''[39m)[33m;[39m[0m

      at console.log (node_modules/@jest/console/build/index.js:311:10)
      at log (seeders/datosCompletos.seeder.js:339:21)
      at runSeeders (seeders/adminSeeder.js:33:5)
      at starServer (server.js:191:9)

